.expo/types/router.d.ts(15,9): error TS1128: Declaration or statement expected.
.expo/types/router.d.ts(15,11): error TS1109: Expression expected.
.expo/types/router.d.ts(15,33): error TS1005: ',' expected.
.expo/types/router.d.ts(15,69): error TS1005: ',' expected.
.expo/types/router.d.ts(15,101): error TS1005: ',' expected.
.expo/types/router.d.ts(15,137): error TS1005: ',' expected.
.expo/types/router.d.ts(15,174): error TS1005: ',' expected.
.expo/types/router.d.ts(15,210): error TS1005: ',' expected.
.expo/types/router.d.ts(15,239): error TS1005: ',' expected.
.expo/types/router.d.ts(15,275): error TS1005: ',' expected.
.expo/types/router.d.ts(15,308): error TS1005: ',' expected.
.expo/types/router.d.ts(15,344): error TS1005: ',' expected.
.expo/types/router.d.ts(15,397): error TS1005: ',' expected.
.expo/types/router.d.ts(15,433): error TS1005: ',' expected.
.expo/types/router.d.ts(15,485): error TS1005: ',' expected.
.expo/types/router.d.ts(15,521): error TS1005: ',' expected.
.expo/types/router.d.ts(15,564): error TS1005: ',' expected.
.expo/types/router.d.ts(15,600): error TS1005: ',' expected.
.expo/types/router.d.ts(15,656): error TS1005: ',' expected.
.expo/types/router.d.ts(15,692): error TS1005: ',' expected.
.expo/types/router.d.ts(15,726): error TS1005: ',' expected.
.expo/types/router.d.ts(15,762): error TS1005: ',' expected.
.expo/types/router.d.ts(15,795): error TS1005: ',' expected.
.expo/types/router.d.ts(15,831): error TS1005: ',' expected.
.expo/types/router.d.ts(15,870): error TS1005: ',' expected.
.expo/types/router.d.ts(15,906): error TS1005: ',' expected.
.expo/types/router.d.ts(15,943): error TS1005: ',' expected.
.expo/types/router.d.ts(15,979): error TS1005: ',' expected.
.expo/types/router.d.ts(15,1028): error TS1005: ',' expected.
.expo/types/router.d.ts(15,1064): error TS1005: ',' expected.
.expo/types/router.d.ts(15,1101): error TS1005: ',' expected.
.expo/types/router.d.ts(15,1137): error TS1005: ',' expected.
.expo/types/router.d.ts(15,1169): error TS1005: ',' expected.
.expo/types/router.d.ts(15,1205): error TS1005: ',' expected.
.expo/types/router.d.ts(15,1234): error TS1005: ',' expected.
.expo/types/router.d.ts(15,1270): error TS1005: ',' expected.
.expo/types/router.d.ts(15,1306): error TS1005: ',' expected.
.expo/types/router.d.ts(15,1342): error TS1005: ',' expected.
.expo/types/router.d.ts(15,1374): error TS1005: ',' expected.
.expo/types/router.d.ts(15,1410): error TS1005: ',' expected.
.expo/types/router.d.ts(15,1450): error TS1005: ',' expected.
.expo/types/router.d.ts(15,1486): error TS1005: ',' expected.
.expo/types/router.d.ts(15,1524): error TS1005: ',' expected.
.expo/types/router.d.ts(15,1560): error TS1005: ',' expected.
.expo/types/router.d.ts(15,1605): error TS1005: ',' expected.
.expo/types/router.d.ts(15,1641): error TS1005: ',' expected.
.expo/types/router.d.ts(16,5): error TS1128: Declaration or statement expected.
.expo/types/router.d.ts(17,3): error TS1128: Declaration or statement expected.
.expo/types/router.d.ts(18,1): error TS1128: Declaration or statement expected.
