﻿
--- Kapsaml² T³m Sistem Testi Ba■lat²l²yor ---

python : Traceback (m
ost recent call last)
:
At line:1 char:1
+ python comprehensiv
e_test.py > test_outp
ut.txt 2>&1
+ ~~~~~~~~~~~~~~~~~~~
~~~~~~~~~~~~~~~~~~~~~
~~~~~~~~~~~
    + CategoryInfo   
           : NotSpe  
  cified: (Traceba   
 ck (most recent     
call last)::Stri    n
g) [], RemoteEx    ce
ption
    + FullyQualified 
   ErrorId : Native  
  CommandError
 
  File "C:\sinavim\ba
ckend\comprehensive_t
est.py", line 24, in 
test_add_analiz_succe
ss
    print_test_result
(name, True)
    ~~~~~~~~~~~~~~~~~
^^^^^^^^^^^^
  File "C:\sinavim\ba
ckend\comprehensive_t
est.py", line 10, in 
print_test_result
    print(f"{symbol} 
{name}: {message}")
    ~~~~~^^^^^^^^^^^^
^^^^^^^^^^^^^^^^^^^
  File "C:\Users\bura
k\AppData\Local\Progr
ams\Python\Python313\
Lib\encodings\cp1254.
py", line 19, in enco
de
    return codecs.cha
rmap_encode(input,sel
f.errors,encoding_tab
le)[0]
           ~~~~~~~~~~
~~~~~~~~~~~^^^^^^^^^^
^^^^^^^^^^^^^^^^^^^^^
^^^
UnicodeEncodeError: '
charmap' codec can't 
encode character '\u2
705' in position 0: c
haracter maps to <und
efined>

During handling of th
e above exception, an
other exception occur
red:

Traceback (most recen
t call last):
  File "C:\sinavim\ba
ckend\comprehensive_t
est.py", line 191, in
 <module>
    test_add_analiz_s
uccess()
    ~~~~~~~~~~~~~~~~~
~~~~~~^^
  File "C:\sinavim\ba
ckend\comprehensive_t
est.py", line 30, in 
test_add_analiz_succe
ss
    print_test_result
(name, False, str(e))
    ~~~~~~~~~~~~~~~~~
^^^^^^^^^^^^^^^^^^^^^
  File "C:\sinavim\ba
ckend\comprehensive_t
est.py", line 10, in 
print_test_result
    print(f"{symbol} 
{name}: {message}")
    ~~~~~^^^^^^^^^^^^
^^^^^^^^^^^^^^^^^^^
  File "C:\Users\bura
k\AppData\Local\Progr
ams\Python\Python313\
Lib\encodings\cp1254.
py", line 19, in enco
de
    return codecs.cha
rmap_encode(input,sel
f.errors,encoding_tab
le)[0]
           ~~~~~~~~~~
~~~~~~~~~~~^^^^^^^^^^
^^^^^^^^^^^^^^^^^^^^^
^^^
UnicodeEncodeError: '
charmap' codec can't 
encode character '\u2
74c' in position 0: c
haracter maps to <und
efined>
